[www.thinktub.live/index.html]
[backblue.gif]
[fade.gif]
[index.html]
[www.thinktub.live/apple-touch-icon.png]
[www.thinktub.live/favicon-32x32.png]
[www.thinktub.live/favicon-16x16.png]
[www.thinktub.live/site.webmanifest]
[www.thinktub.live/images/logo_symbol.png]
[www.thinktub.live/about.html]
[www.thinktub.live/images/cyber-4062449__480.jpg]
[www.thinktub.live/images/web-1935737__480.jpg]
[www.thinktub.live/images/dollar-2453601__480.jpg]
[www.thinktub.live/images/robot-2937861__480.jpg]
[www.thinktub.live/images/chart-1545734__480.jpg]
[www.thinktub.live/images/business-5205180__480.jpg]
[www.thinktub.live/images/artificial-intelligence-4389372__480.jpg]
[www.thinktub.live/images/prg.jpg]
[www.thinktub.live/images/seo3.jpg]
[www.thinktub.live/images/network-3664108__480.jpg]
[www.thinktub.live/assets/clients/rkpress.jpg]
[www.thinktub.live/assets/clients/dnsports.jpg]
[www.thinktub.live/assets/clients/brokerjunction.jpg]
[www.thinktub.live/assets/clients/2design3d.jpg]
[www.thinktub.live/assets/clients/pinescore.jpg]
[www.thinktub.live/assets/clients/WelchAllyn.jpg]
[www.thinktub.live/assets/clients/razorhost.jpg]
[www.thinktub.live/privacy_policy.html]
[www.thinktub.live/tos.html]
[www.thinktub.live/project_tos.html]
[www.thinktub.live/assets/js/jquery.min.js]
[www.thinktub.live/assets/js/jquery.scrollex.min.js]
[www.thinktub.live/assets/js/skel.min.js]
[www.thinktub.live/assets/js/util.js]
[www.thinktub.live/assets/js/main.js]
[cdnjs.cloudflare.com/ajax/libs/slick-carousel/1.6.0/slick.js]
[kit.fontawesome.com/8afe6179d5.js]
[assets.goodfirms.co/assets/js/widget.min.js]
[widget-v4.tidiochat.com/1_62_0/static/js/render.c90547476ea1e99a5dbf.js]
[www.thinktub.live/index.html]
[connect.facebook.net/en_US/fbevents.js]
[www.thinktub.live/images/bg.jpg]
[www.thinktub.live/assets/css/main.css]
[www.thinktub.live/site.html]
[www.thinktub.live/about.html]
[www.thinktub.live/privacy_policy.html]
[www.thinktub.live/tos.html]
[www.thinktub.live/project_tos.html]
[www.googletagmanager.com/gtm5445.html]
[maxcdn.bootstrapcdn.com/bootstrap/3.3.7/css/bootstrap.min.css]
[www.thinktub.live/POST.2a.delayed]
[connect.facebook.net/en_US/fbevents.js]
[www.thinktub.live/assets/fonts/fontawesome-webfont5b62.eot]
[www.thinktub.live/assets/fonts/fontawesome-webfontd41d.eot]
[www.thinktub.live/assets/fonts/fontawesome-webfont5b62.woff2]
[www.thinktub.live/assets/fonts/fontawesome-webfont5b62.woff]
[www.thinktub.live/assets/fonts/fontawesome-webfont5b62.ttf]
[www.thinktub.live/assets/css/font-awesome.min.css]
[maxcdn.bootstrapcdn.com/bootstrap/3.3.7/css/bootstrap.min.css]
[www.thinktub.live/POST.html]
[www.thinktub.live/assets/fonts/fontawesome-webfont5b62.svg]
